https://www.simplilearn.com/tutorials/docker-tutorial/how-to-install-docker-on-ubuntu

How to Install Docker on Ubuntu: A Step-By-Step Guide:

Steps for Installing Docker:

1. Open the terminal on Ubuntu.

2. Remove any Docker files that are running in the system, using the following command:

$ sudo apt-get remove docker docker-engine docker.io

After entering the above command, you will need to enter the password of the root and press enter.

3. Check if the system is up-to-date using the following command:

$ sudo apt-get update

4. Install Docker using the following command:

$ sudo apt install docker.io

You’ll then get a prompt asking you to choose between y/n - choose y

5. Before testing Docker, check the version installed using the following command:

$ docker --version

6. Pull an image from the Docker hub using the following command:

$ sudo docker run hello-world

Here, hello-world is the docker image present on the Docker hub.


-----------------------------------------------------
https://www.digitalocean.com/community/tutorials/how-to-install-and-use-docker-on-ubuntu-20-04

Install and Use Docker on Ubuntu 20.04:

First, update your existing list of packages:

$ sudo apt update

Next, install a few prerequisite packages which let apt use packages over HTTPS:

$ sudo apt install apt-transport-https ca-certificates curl software-properties-common

Then add the GPG key for the official Docker repository to your system:

$ curl -fsSL https://download.docker.com/linux/ubuntu/gpg | sudo apt-key add -

Add the Docker repository to APT sources:

$ sudo add-apt-repository "deb [arch=amd64] https://download.docker.com/linux/ubuntu focal stable"

This will also update our package database with the Docker packages from the newly added repo.

Make sure you are about to install from the Docker repo instead of the default Ubuntu repo:

$ apt-cache policy docker-ce

Finally, install Docker:

$ sudo apt install docker-ce

Docker should now be installed, the daemon started, and the process enabled to start on boot. Check that it’s running:

$ sudo systemctl status docker



-----------------------------------------------------
https://docs.docker.com/engine/install/ubuntu/

Install Docker Engine on Ubuntu:


Uninstall old versions:
Older versions of Docker went by the names of docker, docker.io, or docker-engine. Uninstall any such older versions before attempting to install a new version:


$ sudo apt-get remove docker docker-engine docker.io containerd runc

It’s OK if apt-get reports that none of these packages are installed.

Install using the repository

Before you install Docker Engine for the first time on a new host machine, you need to set up the Docker repository. Afterward, you can install and update Docker from the repository.

Set up the repository

Update the apt package index and install packages to allow apt to use a repository over HTTPS:


$ sudo apt-get update
$ sudo apt-get install \
    ca-certificates \
    curl \
    gnupg \
    lsb-release


Add Docker’s official GPG key:


$ sudo mkdir -p /etc/apt/keyrings
$ curl -fsSL https://download.docker.com/linux/ubuntu/gpg | sudo gpg --dearmor -o /etc/apt/keyrings/docker.gpg


Use the following command to set up the repository:


$ echo \
  "deb [arch=$(dpkg --print-architecture) signed-by=/etc/apt/keyrings/docker.gpg] https://download.docker.com/linux/ubuntu \
  $(lsb_release -cs) stable" | sudo tee /etc/apt/sources.list.d/docker.list > /dev/null


Install Docker Engine

Update the apt package index:


$ sudo apt-get update

Receiving a GPG error when running apt-get update?

Your default umask may be incorrectly configured, preventing detection of the repository public key file. Try granting read permission for the Docker public key file before updating the package index:


$ sudo chmod a+r /etc/apt/keyrings/docker.gpg
$ sudo apt-get update





To install the latest version, run:


$ sudo apt-get install docker-ce docker-ce-cli containerd.io docker-compose-plugin

Verify that the Docker Engine installation is successful by running the hello-world image:


$ sudo docker run hello-world

This command downloads a test image and runs it in a container. When the container runs, it prints a confirmation message and exits.


